package com.softtek.ejercicioLogging.services;

//UserService con createUser(id, name),
// getAllUsers(),
// getUserById(id),
// addBet(userId, bet).

import com.softtek.ejercicioLogging.daos.model.Bet;
import com.softtek.ejercicioLogging.model.User;
import com.softtek.ejercicioLogging.repositories.UserRepository;
import org.apache.logging.log4j.LogManager;
import org.apache.logging.log4j.Logger;
import org.springframework.stereotype.Service;

import java.util.List;
import java.util.Optional;
@Service
public class UserServiceImpl implements UserService {

    private static final Logger logger = LogManager.getLogger(UserServiceImpl.class);

    private final UserRepository userRepository;

    public UserServiceImpl(UserRepository userRepository) {
        this.userRepository = userRepository;
    }

    @Override
    public List<User> getAllUsers() {

        logger.info("Intentando recuperar todos los usuarios");
        List<User> usuarios = userRepository.findAll();

        if (usuarios.isEmpty()) {
            logger.warn("No se han encontrado usuarios en la base de datos");
        } else {
            logger.info("Usuarios recuperados correctamente, total: {}", usuarios.size());
        }

        return usuarios;
    }

    @Override
    public Optional<User> getUserById(String id) {
        logger.info("Intentando recuperar un usuario");
        logger.debug("Datos recibidos para registrar usuario: id={}", id);

        if (!userRepository.existsById(id)) {
            logger.error("No se ha podido recuperar el usuario porque ese id");
            throw new IllegalArgumentException("No existe un usuario con id " + id);
        }
        logger.info("Usuario recuperado correctamente");
        return userRepository.findById(id);
    }

    @Override
    public Optional<User> createUser(String id, User user) {

        logger.info("Intentando registrar un usuario");
        logger.debug("Datos recibidos para registrar usuario: id={}, name={}", id, user.getNombre());

        if (userRepository.existsById(id)) {
            logger.error("No se ha podido registrar el usuario porque el id ya existe");
            throw new IllegalArgumentException("Ya existe un usuario con id " + id);
        }

        user.setId(id);

        logger.info("Usuario registrado correctamente");
        logger.debug("Usuario registrado correctamente: id={}, name={}", user.getId(), user.getNombre());


        return Optional.of(userRepository.save(user));
    }

    @Override
    public Optional<User> addBet(int userId, Bet bet) {
        return Optional.empty();
    }

}
2026-05-04 16:35:42.855 [AUDIT] INFO  - ENTRADA -> com.softtek.ejercicioLogging.services.user.UserServiceImp.getAllUsers()
2026-05-04 16:35:43.029 [AUDIT] INFO  - SALIDA  <- com.softtek.ejercicioLogging.services.user.UserServiceImp.getAllUsers()
2026-05-04 16:36:22.793 [AUDIT] INFO  - ENTRADA -> com.softtek.ejercicioLogging.services.user.UserServiceImp.getAllUsers()
2026-05-04 16:36:22.976 [AUDIT] INFO  - SALIDA  <- com.softtek.ejercicioLogging.services.user.UserServiceImp.getAllUsers()
2026-05-04 16:37:37.385 [AUDIT] INFO  - ENTRADA -> com.softtek.ejercicioLogging.services.user.UserServiceImp.getAllUsers()
2026-05-04 16:37:37.564 [AUDIT] INFO  - SALIDA  <- com.softtek.ejercicioLogging.services.user.UserServiceImp.getAllUsers()
2026-05-04 16:40:17.155 [AUDIT] INFO  - ENTRADA -> com.softtek.ejercicioLogging.services.user.UserServiceImp.getAllUsers()
2026-05-04 16:40:17.160 [AUDIT] INFO  - SALIDA  <- com.softtek.ejercicioLogging.services.user.UserServiceImp.getAllUsers()
2026-05-04 16:43:35.863 [AUDIT] INFO  - ENTRADA -> com.softtek.ejercicioLogging.services.user.UserServiceImp.createUser()
2026-05-04 16:43:36.154 [AUDIT] INFO  - SALIDA  <- com.softtek.ejercicioLogging.services.user.UserServiceImp.createUser()
2026-05-04 16:43:59.271 [AUDIT] INFO  - ENTRADA -> com.softtek.ejercicioLogging.services.user.UserServiceImp.getAllUsers()
2026-05-04 16:43:59.271 [AUDIT] INFO  - SALIDA  <- com.softtek.ejercicioLogging.services.user.UserServiceImp.getAllUsers()
2026-05-04 16:44:56.353 [AUDIT] INFO  - ENTRADA -> com.softtek.ejercicioLogging.services.user.UserServiceImp.getAllUsers()
2026-05-04 16:44:56.548 [AUDIT] INFO  - SALIDA  <- com.softtek.ejercicioLogging.services.user.UserServiceImp.getAllUsers()
2026-05-04 16:45:15.591 [AUDIT] INFO  - ENTRADA -> com.softtek.ejercicioLogging.services.user.UserServiceImp.getUserById()
2026-05-04 16:45:15.802 [AUDIT] WARN  - EXCEPCIÓN en com.softtek.ejercicioLogging.services.user.UserServiceImp.getUserById() -> IllegalArgumentException
2026-05-04 16:45:20.142 [AUDIT] INFO  - ENTRADA -> com.softtek.ejercicioLogging.services.user.UserServiceImp.createUser()
2026-05-04 16:45:20.183 [AUDIT] INFO  - SALIDA  <- com.softtek.ejercicioLogging.services.user.UserServiceImp.createUser()
2026-05-04 16:45:27.863 [AUDIT] INFO  - ENTRADA -> com.softtek.ejercicioLogging.services.user.UserServiceImp.getAllUsers()
2026-05-04 16:45:27.865 [AUDIT] INFO  - SALIDA  <- com.softtek.ejercicioLogging.services.user.UserServiceImp.getAllUsers()
2026-05-04 17:12:13.820 [AUDIT] INFO  - ENTRADA -> com.softtek.ejercicioLogging.services.user.UserServiceImp.getAllUsers()
2026-05-04 17:12:14.055 [AUDIT] INFO  - SALIDA  <- com.softtek.ejercicioLogging.services.user.UserServiceImp.getAllUsers()
2026-05-04 17:12:30.881 [AUDIT] INFO  - ENTRADA -> com.softtek.ejercicioLogging.services.user.UserServiceImp.createUser()
2026-05-04 17:12:31.148 [AUDIT] INFO  - SALIDA  <- com.softtek.ejercicioLogging.services.user.UserServiceImp.createUser()
2026-05-04 17:12:40.113 [AUDIT] INFO  - ENTRADA -> com.softtek.ejercicioLogging.services.user.UserServiceImp.getUserById()
2026-05-04 17:12:40.119 [AUDIT] INFO  - SALIDA  <- com.softtek.ejercicioLogging.services.user.UserServiceImp.getUserById()
2026-05-04 17:12:47.294 [AUDIT] INFO  - ENTRADA -> com.softtek.ejercicioLogging.services.user.UserServiceImp.getAllUsers()
2026-05-04 17:12:47.298 [AUDIT] INFO  - SALIDA  <- com.softtek.ejercicioLogging.services.user.UserServiceImp.getAllUsers()
